Archive member included to satisfy reference by file (symbol)

/Applications/SEGGER Embedded Studio for ARM 3.40/lib/libc_v7em_fpv4_sp_d16_hard_t_le_eabi.a(libc2_asm.o)
                              Output/gpiote_pca10056 Debug/Obj/nrfx_gpiote.o (memset)
/Applications/SEGGER Embedded Studio for ARM 3.40/lib/libdebugio_v7em_fpv4_sp_d16_hard_t_le_eabi.a(libdebugio.o)
                              Output/gpiote_pca10056 Debug/Obj/thumb_crt0.o (debug_fopen)
/Applications/SEGGER Embedded Studio for ARM 3.40/lib/libdebugio_mempoll_v7em_fpv4_sp_d16_hard_t_le_eabi.a(mempoll_debug_operations.o)
                              /Applications/SEGGER Embedded Studio for ARM 3.40/lib/libdebugio_v7em_fpv4_sp_d16_hard_t_le_eabi.a(libdebugio.o) (__do_debug_operation)
/Applications/SEGGER Embedded Studio for ARM 3.40/lib/libdebugio_mempoll_v7em_fpv4_sp_d16_hard_t_le_eabi.a(do_nv_debug_operation.o)
                              /Applications/SEGGER Embedded Studio for ARM 3.40/lib/libdebugio_v7em_fpv4_sp_d16_hard_t_le_eabi.a(libdebugio.o) (__do_nvdebug_operation)
/Applications/SEGGER Embedded Studio for ARM 3.40/lib/libm_v7em_fpv4_sp_d16_hard_t_le_eabi.a(libm_asm.o)
                              /Applications/SEGGER Embedded Studio for ARM 3.40/lib/libvfscanf_v7em_fpv4_sp_d16_hard_t_le_eabi.o (__aeabi_i2d)
/Applications/SEGGER Embedded Studio for ARM 3.40/lib/libm_v7em_fpv4_sp_d16_hard_t_le_eabi.a(libm2.o)
                              /Applications/SEGGER Embedded Studio for ARM 3.40/lib/libvfprintf_v7em_fpv4_sp_d16_hard_t_le_eabi.o (frexp)
/Applications/SEGGER Embedded Studio for ARM 3.40/lib/libm_v7em_fpv4_sp_d16_hard_t_le_eabi.a(libm2_asm.o)
                              /Applications/SEGGER Embedded Studio for ARM 3.40/lib/libm_v7em_fpv4_sp_d16_hard_t_le_eabi.a(libm2.o) (fabs)
/Applications/SEGGER Embedded Studio for ARM 3.40/lib/libc_v7em_fpv4_sp_d16_hard_t_le_eabi.a(libc_asm.o)
                              /Applications/SEGGER Embedded Studio for ARM 3.40/lib/libvfprintf_v7em_fpv4_sp_d16_hard_t_le_eabi.o (__aeabi_uldivmod)
/Applications/SEGGER Embedded Studio for ARM 3.40/lib/libc_v7em_fpv4_sp_d16_hard_t_le_eabi.a(libc2.o)
                              /Applications/SEGGER Embedded Studio for ARM 3.40/lib/libvfscanf_v7em_fpv4_sp_d16_hard_t_le_eabi.o (__getc)
/Applications/SEGGER Embedded Studio for ARM 3.40/lib/libc_v7em_fpv4_sp_d16_hard_t_le_eabi.a(libc.o)
                              /Applications/SEGGER Embedded Studio for ARM 3.40/lib/libc_v7em_fpv4_sp_d16_hard_t_le_eabi.a(libc2.o) (__heap_lock)

Discarded input sections

 .text          0x0000000000000000        0x0 Output/gpiote_pca10056 Debug/Obj/thumb_crt0.o
 .data          0x0000000000000000        0x0 Output/gpiote_pca10056 Debug/Obj/thumb_crt0.o
 .bss           0x0000000000000000        0x0 Output/gpiote_pca10056 Debug/Obj/thumb_crt0.o
 .text.__aeabi_read_tp
                0x0000000000000000        0x8 Output/gpiote_pca10056 Debug/Obj/thumb_crt0.o
 .text.abort    0x0000000000000000        0x2 Output/gpiote_pca10056 Debug/Obj/thumb_crt0.o
 .text.__assert
                0x0000000000000000        0x2 Output/gpiote_pca10056 Debug/Obj/thumb_crt0.o
 .text.__aeabi_assert
                0x0000000000000000        0x2 Output/gpiote_pca10056 Debug/Obj/thumb_crt0.o
 .text.__sync_synchronize
                0x0000000000000000        0x2 Output/gpiote_pca10056 Debug/Obj/thumb_crt0.o
 .text.__getchar
                0x0000000000000000        0x4 Output/gpiote_pca10056 Debug/Obj/thumb_crt0.o
 .text.__putchar
                0x0000000000000000        0x4 Output/gpiote_pca10056 Debug/Obj/thumb_crt0.o
 .text.__open   0x0000000000000000        0x4 Output/gpiote_pca10056 Debug/Obj/thumb_crt0.o
 .text.__close  0x0000000000000000        0x4 Output/gpiote_pca10056 Debug/Obj/thumb_crt0.o
 .text.__write  0x0000000000000000        0xa Output/gpiote_pca10056 Debug/Obj/thumb_crt0.o
 .text.__read   0x0000000000000000        0xa Output/gpiote_pca10056 Debug/Obj/thumb_crt0.o
 .text.__seek   0x0000000000000000       0x1a Output/gpiote_pca10056 Debug/Obj/thumb_crt0.o
 .bss.__user_locale_name_buffer
                0x0000000000000000        0x4 Output/gpiote_pca10056 Debug/Obj/thumb_crt0.o
 .stack         0x0000000000000000        0x0 Output/gpiote_pca10056 Debug/Obj/thumb_crt0.o
 .stack_process
                0x0000000000000000        0x0 Output/gpiote_pca10056 Debug/Obj/thumb_crt0.o
 .heap          0x0000000000000000        0x0 Output/gpiote_pca10056 Debug/Obj/thumb_crt0.o
 .group         0x0000000000000000        0xc Output/gpiote_pca10056 Debug/Obj/main.o
 .group         0x0000000000000000        0xc Output/gpiote_pca10056 Debug/Obj/main.o
 .group         0x0000000000000000        0xc Output/gpiote_pca10056 Debug/Obj/main.o
 .group         0x0000000000000000        0xc Output/gpiote_pca10056 Debug/Obj/main.o
 .group         0x0000000000000000        0xc Output/gpiote_pca10056 Debug/Obj/main.o
 .group         0x0000000000000000        0xc Output/gpiote_pca10056 Debug/Obj/main.o
[...]
Memory Configuration

Name             Origin             Length             Attributes
UNPLACED_SECTIONS 0x0000000100000000 0x0000000000000000 xw
RAM              0x0000000020000000 0x0000000000040000 xw
FLASH            0x0000000000000000 0x0000000000100000 xw
*default*        0x0000000000000000 0xffffffffffffffff

Linker script and memory map

                0x0000000000000000                __vfprintf = __vfprintf_long
                0x0000000000000000                __vfscanf = __vfscanf_int
                0x0000000020000000                __RAM_segment_start__ = 0x20000000
                0x0000000020040000                __RAM_segment_end__ = 0x20040000
                0x0000000000040000                __RAM_segment_size__ = 0x40000
                0x0000000000000000                __FLASH_segment_start__ = 0x0
                0x0000000000100000                __FLASH_segment_end__ = 0x100000
                0x0000000000100000                __FLASH_segment_size__ = 0x100000
                0x0000000000002000                __HEAPSIZE__ = 0x2000
                0x0000000000000000                __STACKSIZE_PROCESS__ = 0x0
                0x0000000000002000                __STACKSIZE__ = 0x2000
                0x0000000020000000                __vectors_ram_load_start__ = 0x20000000

.vectors_ram    0x0000000020000000        0x0
                0x0000000020000000                __vectors_ram_start__ = .
                0x0000000020000000                __app_ram_start__ = __vectors_ram_start__
 *(.vectors_ram .vectors_ram.*)
                0x0000000020000000                __vectors_ram_end__ = (__vectors_ram_start__ + SIZEOF (.vectors_ram))
                0x0000000000000000                __vectors_ram_size__ = SIZEOF (.vectors_ram)
                0x0000000020000000                __vectors_ram_load_end__ = __vectors_ram_end__
                0x0000000000000001                . = ASSERT (((__vectors_ram_start__ == __vectors_ram_end__) || ((__vectors_ram_end__ >= __RAM_segment_start__) && (__vectors_ram_end__ <= __RAM_segment_end__))), error: .vectors_ram is too large to fit in RAM memory segment)
                0x0000000020000000                __nrf_sections_run_load_start__ = ALIGN (__vectors_ram_end__, 0x4)

.nrf_sections_run
                0x0000000020000000        0x0
                0x0000000020000000                __nrf_sections_run_start__ = .
                0x0000000020000000                __start_nrf_sections_run = __nrf_sections_run_start__
 *(.nrf_sections_run .nrf_sections_run.*)
                0x0000000020000000                __nrf_sections_run_end__ = (__nrf_sections_run_start__ + SIZEOF (.nrf_sections_run))
                0x0000000000000000                __nrf_sections_run_size__ = SIZEOF (.nrf_sections_run)
                0x0000000020000000                __nrf_sections_run_load_end__ = __nrf_sections_run_end__
                0x0000000000000001                . = ASSERT (((__nrf_sections_run_start__ == __nrf_sections_run_end__) || ((__nrf_sections_run_end__ >= __RAM_segment_start__) && (__nrf_sections_run_end__ <= __RAM_segment_end__))), error: .nrf_sections_run is too large to fit in RAM memory segment)
                0x0000000000000000                __vectors_load_start__ = 0x0

.vectors        0x0000000000000000      0x100
                0x0000000000000000                __vectors_start__ = .
 *(.vectors .vectors.*)
 .vectors       0x0000000000000000      0x100 Output/gpiote_pca10056 Debug/Obj/ses_nrf52840_Vectors.o
                0x0000000000000000                _vectors
                0x0000000000000100                __vectors_end__ = (__vectors_start__ + SIZEOF (.vectors))
                0x0000000000000100                __vectors_size__ = SIZEOF (.vectors)
                0x0000000000000100                __vectors_load_end__ = __vectors_end__
                0x0000000000000001                . = ASSERT (((__vectors_start__ == __vectors_end__) || ((__vectors_end__ >= __FLASH_segment_start__) && (__vectors_end__ <= __FLASH_segment_end__))), error: .vectors is too large to fit in FLASH memory segment)
                0x0000000000000100                __init_load_start__ = ALIGN (__vectors_end__, 0x4)

.init           0x0000000000000100      0x224
                0x0000000000000100                __init_start__ = .
 *(.init .init.*)
 .init          0x0000000000000100      0x160 Output/gpiote_pca10056 Debug/Obj/thumb_crt0.o
                0x0000000000000100                _start
                0x00000000000001b6                exit
 .init          0x0000000000000260       0x58 Output/gpiote_pca10056 Debug/Obj/ses_nRF_Startup.o
                0x0000000000000260                Reset_Handler
                0x0000000000000284                InitializeUserMemorySections
 .init          0x00000000000002b8       0x6c Output/gpiote_pca10056 Debug/Obj/ses_nrf52840_Vectors.o
                0x00000000000002b8                NMI_Handler
                0x00000000000002ba                HardFault_Handler
                0x00000000000002bc                MemoryManagement_Handler
                0x00000000000002be                BusFault_Handler
                0x00000000000002c0                UsageFault_Handler
                0x00000000000002c2                SVC_Handler
                0x00000000000002c4                DebugMon_Handler
                0x00000000000002c6                PendSV_Handler
                0x00000000000002c8                SysTick_Handler
                0x00000000000002cc                POWER_CLOCK_IRQHandler
                0x00000000000002ce                RADIO_IRQHandler
                0x00000000000002d0                UARTE0_UART0_IRQHandler
                0x00000000000002d2                SPIM0_SPIS0_TWIM0_TWIS0_SPI0_TWI0_IRQHandler
                0x00000000000002d4                SPIM1_SPIS1_TWIM1_TWIS1_SPI1_TWI1_IRQHandler
                0x00000000000002d6                NFCT_IRQHandler
                0x00000000000002d8                GPIOTE_IRQHandler
                0x00000000000002da                SAADC_IRQHandler
                0x00000000000002de                TIMER1_IRQHandler
                0x00000000000002e0                TIMER2_IRQHandler
                0x00000000000002e2                RTC0_IRQHandler
                0x00000000000002e4                TEMP_IRQHandler
                0x00000000000002e6                RNG_IRQHandler
                0x00000000000002e8                ECB_IRQHandler
                0x00000000000002ea                CCM_AAR_IRQHandler
                0x00000000000002ec                WDT_IRQHandler
                0x00000000000002ee                RTC1_IRQHandler
                0x00000000000002f0                QDEC_IRQHandler
                0x00000000000002f2                COMP_LPCOMP_IRQHandler
                0x00000000000002f4                SWI0_EGU0_IRQHandler
                0x00000000000002f6                SWI1_EGU1_IRQHandler
                0x00000000000002f8                SWI2_EGU2_IRQHandler
                0x00000000000002fa                SWI3_EGU3_IRQHandler
                0x00000000000002fc                SWI4_EGU4_IRQHandler
                0x00000000000002fe                SWI5_EGU5_IRQHandler
                0x0000000000000300                TIMER3_IRQHandler
                0x0000000000000302                TIMER4_IRQHandler
                0x0000000000000304                PWM0_IRQHandler
                0x0000000000000306                PDM_IRQHandler
                0x0000000000000308                MWU_IRQHandler
                0x000000000000030a                PWM1_IRQHandler
                0x000000000000030c                PWM2_IRQHandler
                0x000000000000030e                SPIM2_SPIS2_SPI2_IRQHandler
                0x0000000000000310                RTC2_IRQHandler
                0x0000000000000312                I2S_IRQHandler
                0x0000000000000314                FPU_IRQHandler
                0x0000000000000316                USBD_IRQHandler
                0x0000000000000318                UARTE1_IRQHandler
                0x000000000000031a                QSPI_IRQHandler
                0x000000000000031c                CRYPTOCELL_IRQHandler
                0x000000000000031e                SPIM3_IRQHandler
                0x0000000000000320                PWM3_IRQHandler
                0x0000000000000324                __init_end__ = (__init_start__ + SIZEOF (.init))
                0x0000000000000224                __init_size__ = SIZEOF (.init)
                0x0000000000000324                __init_load_end__ = __init_end__
                0x0000000000000001                . = ASSERT (((__init_start__ == __init_end__) || ((__init_end__ >= __FLASH_segment_start__) && (__init_end__ <= __FLASH_segment_end__))), error: .init is too large to fit in FLASH memory segment)
                0x0000000000000324                __init_rodata_load_start__ = ALIGN (__init_end__, 0x4)

.init_rodata    0x0000000000000324        0x0
                0x0000000000000324                __init_rodata_start__ = .
 *(.init_rodata .init_rodata.*)
                0x0000000000000324                __init_rodata_end__ = (__init_rodata_start__ + SIZEOF (.init_rodata))
                0x0000000000000000                __init_rodata_size__ = SIZEOF (.init_rodata)
                0x0000000000000324                __init_rodata_load_end__ = __init_rodata_end__
                0x0000000000000001                . = ASSERT (((__init_rodata_start__ == __init_rodata_end__) || ((__init_rodata_end__ >= __FLASH_segment_start__) && (__init_rodata_end__ <= __FLASH_segment_end__))), error: .init_rodata is too large to fit in FLASH memory segment)
                0x0000000000000324                __text_load_start__ = ALIGN (__init_rodata_end__, 0x4)

.text           0x0000000000000324     0x190a
                0x0000000000000324                __text_start__ = .
 *(.text .text.* .glue_7t .glue_7 .gnu.linkonce.t.* .gcc_except_table .ARM.extab* .gnu.linkonce.armextab.*)
 .glue_7        0x0000000000000324        0x0 linker stubs
 .glue_7t       0x0000000000000324        0x0 linker stubs
 .text.nrf_timer_event_address_get
                0x0000000000000324       0x18 Output/gpiote_pca10056 Debug/Obj/main.o
 .text.nrfx_timer_event_address_get
                0x000000000000033c       0x26 Output/gpiote_pca10056 Debug/Obj/main.o
 .text.timer_dummy_handler
                0x0000000000000362       0x10 Output/gpiote_pca10056 Debug/Obj/main.o
                0x0000000000000362                timer_dummy_handler
 *fill*         0x0000000000000372        0x2 
 .text.led_blinking_setup
                0x0000000000000374       0xdc Output/gpiote_pca10056 Debug/Obj/main.o
 .text.main     0x0000000000000450       0x84 Output/gpiote_pca10056 Debug/Obj/main.o
                0x0000000000000450                main
 .text.app_error_save_and_stop
                0x00000000000004d4       0x94 Output/gpiote_pca10056 Debug/Obj/app_error.o
                0x00000000000004d4                app_error_save_and_stop
 .text.app_error_handler
                0x0000000000000568       0x1c Output/gpiote_pca10056 Debug/Obj/app_error_handler_gcc.o
                0x0000000000000568                app_error_handler
 .text.app_error_fault_handler
                0x0000000000000584       0x50 Output/gpiote_pca10056 Debug/Obj/app_error_weak.o
                0x0000000000000584                app_error_fault_handler
 .text.app_util_disable_irq
                0x00000000000005d4       0x14 Output/gpiote_pca10056 Debug/Obj/app_util_platform.o
                0x00000000000005d4                app_util_disable_irq
 .text.app_util_enable_irq
                0x00000000000005e8       0x1c Output/gpiote_pca10056 Debug/Obj/app_util_platform.o
                0x00000000000005e8                app_util_enable_irq
 .text.app_util_critical_region_enter
                0x0000000000000604       0x28 Output/gpiote_pca10056 Debug/Obj/app_util_platform.o
                0x0000000000000604                app_util_critical_region_enter
 .text.app_util_critical_region_exit
                0x000000000000062c       0x2c Output/gpiote_pca10056 Debug/Obj/app_util_platform.o
                0x000000000000062c                app_util_critical_region_exit
 .text.privilege_level_get
                0x0000000000000658       0x3a Output/gpiote_pca10056 Debug/Obj/app_util_platform.o
                0x0000000000000658                privilege_level_get
 .text.assert_nrf_callback
                0x0000000000000692       0x2e Output/gpiote_pca10056 Debug/Obj/nrf_assert.o
                0x0000000000000692                assert_nrf_callback
 .text.nrf_drv_ppi_init
                0x00000000000006c0       0x1c Output/gpiote_pca10056 Debug/Obj/nrf_drv_ppi.o
                0x00000000000006c0                nrf_drv_ppi_init
 .text.NVIC_EnableIRQ
                0x00000000000006dc       0x2c Output/gpiote_pca10056 Debug/Obj/nrfx_gpiote.o
 .text.NVIC_ClearPendingIRQ
                0x0000000000000708       0x30 Output/gpiote_pca10056 Debug/Obj/nrfx_gpiote.o
 .text.NVIC_SetPriority
                0x0000000000000738       0x50 Output/gpiote_pca10056 Debug/Obj/nrfx_gpiote.o
 .text._NRFX_IRQ_PRIORITY_SET
                0x0000000000000788       0x40 Output/gpiote_pca10056 Debug/Obj/nrfx_gpiote.o
 .text._NRFX_IRQ_ENABLE
                0x00000000000007c8       0x26 Output/gpiote_pca10056 Debug/Obj/nrfx_gpiote.o
 .text.nrf_gpiote_task_addr_get
                0x00000000000007ee       0x1a Output/gpiote_pca10056 Debug/Obj/nrfx_gpiote.o
 .text.nrf_gpiote_event_clear
                0x0000000000000808       0x36 Output/gpiote_pca10056 Debug/Obj/nrfx_gpiote.o
 .text.nrf_gpiote_event_addr_get
                0x000000000000083e       0x1a Output/gpiote_pca10056 Debug/Obj/nrfx_gpiote.o
 .text.nrf_gpiote_int_enable
                0x0000000000000858       0x18 Output/gpiote_pca10056 Debug/Obj/nrfx_gpiote.o
 .text.nrf_gpiote_task_enable
                0x0000000000000870       0x30 Output/gpiote_pca10056 Debug/Obj/nrfx_gpiote.o
 .text.nrf_gpiote_task_configure
                0x00000000000008a0       0x7c Output/gpiote_pca10056 Debug/Obj/nrfx_gpiote.o
 .text.nrf_gpio_pin_port_decode
                0x000000000000091c       0x44 Output/gpiote_pca10056 Debug/Obj/nrfx_gpiote.o
 .text.nrf_gpio_cfg
                0x0000000000000960       0x62 Output/gpiote_pca10056 Debug/Obj/nrfx_gpiote.o
 .text.nrf_gpio_cfg_output
                0x00000000000009c2       0x22 Output/gpiote_pca10056 Debug/Obj/nrfx_gpiote.o
 .text.nrf_gpio_pin_set
                0x00000000000009e4       0x28 Output/gpiote_pca10056 Debug/Obj/nrfx_gpiote.o
 .text.nrf_gpio_pin_clear
                0x0000000000000a0c       0x28 Output/gpiote_pca10056 Debug/Obj/nrfx_gpiote.o
 .text.nrf_gpio_port_out_set
                0x0000000000000a34       0x14 Output/gpiote_pca10056 Debug/Obj/nrfx_gpiote.o
 .text.nrf_gpio_port_out_clear
                0x0000000000000a48       0x14 Output/gpiote_pca10056 Debug/Obj/nrfx_gpiote.o
 .text.nrf_bitmask_bit_set
                0x0000000000000a5c       0x40 Output/gpiote_pca10056 Debug/Obj/nrfx_gpiote.o
 .text.pin_in_use
                0x0000000000000a9c       0x28 Output/gpiote_pca10056 Debug/Obj/nrfx_gpiote.o
 .text.pin_in_use_by_te
                0x0000000000000ac4       0x3c Output/gpiote_pca10056 Debug/Obj/nrfx_gpiote.o
 .text.pin_in_use_by_te_set
                0x0000000000000b00       0x50 Output/gpiote_pca10056 Debug/Obj/nrfx_gpiote.o
 .text.pin_in_use_set
                0x0000000000000b50       0x1c Output/gpiote_pca10056 Debug/Obj/nrfx_gpiote.o
 .text.pin_in_use_clear
                0x0000000000000b6c       0x1c Output/gpiote_pca10056 Debug/Obj/nrfx_gpiote.o
 .text.pin_configured_set
                0x0000000000000b88       0x1c Output/gpiote_pca10056 Debug/Obj/nrfx_gpiote.o
 .text.channel_port_get
                0x0000000000000ba4       0x1c Output/gpiote_pca10056 Debug/Obj/nrfx_gpiote.o
 .text.channel_port_alloc
                0x0000000000000bc0       0x7c Output/gpiote_pca10056 Debug/Obj/nrfx_gpiote.o
 .text.channel_free
                0x0000000000000c3c       0x38 Output/gpiote_pca10056 Debug/Obj/nrfx_gpiote.o
 .text.nrfx_gpiote_init
                0x0000000000000c74       0xa4 Output/gpiote_pca10056 Debug/Obj/nrfx_gpiote.o
                0x0000000000000c74                nrfx_gpiote_init
 .text.nrfx_gpiote_out_init
                0x0000000000000d18       0xd0 Output/gpiote_pca10056 Debug/Obj/nrfx_gpiote.o
                0x0000000000000d18                nrfx_gpiote_out_init
 .text.nrfx_gpiote_out_task_enable
                0x0000000000000de8       0x64 Output/gpiote_pca10056 Debug/Obj/nrfx_gpiote.o
                0x0000000000000de8                nrfx_gpiote_out_task_enable
 .text.nrfx_gpiote_out_task_addr_get
                0x0000000000000e4c       0x54 Output/gpiote_pca10056 Debug/Obj/nrfx_gpiote.o
                0x0000000000000e4c                nrfx_gpiote_out_task_addr_get
 .text.nrf_ppi_channel_enable
                0x0000000000000ea0       0x24 Output/gpiote_pca10056 Debug/Obj/nrfx_ppi.o
 .text.nrf_ppi_channel_endpoint_setup
                0x0000000000000ec4       0x34 Output/gpiote_pca10056 Debug/Obj/nrfx_ppi.o
 .text.nrfx_ppi_channel_to_mask
                0x0000000000000ef8       0x18 Output/gpiote_pca10056 Debug/Obj/nrfx_ppi.o
 .text.is_programmable_app_channel
                0x0000000000000f10       0x2c Output/gpiote_pca10056 Debug/Obj/nrfx_ppi.o
 .text.are_app_channels
                0x0000000000000f3c        0xc Output/gpiote_pca10056 Debug/Obj/nrfx_ppi.o
 .text.is_app_channel
                0x0000000000000f48       0x26 Output/gpiote_pca10056 Debug/Obj/nrfx_ppi.o
 *fill*         0x0000000000000f6e        0x2 
 .text.is_allocated_channel
                0x0000000000000f70       0x34 Output/gpiote_pca10056 Debug/Obj/nrfx_ppi.o
 .text.channel_allocated_set
                0x0000000000000fa4       0x2c Output/gpiote_pca10056 Debug/Obj/nrfx_ppi.o
 .text.nrfx_ppi_channel_alloc
                0x0000000000000fd0       0xa8 Output/gpiote_pca10056 Debug/Obj/nrfx_ppi.o
                0x0000000000000fd0                nrfx_ppi_channel_alloc
 .text.nrfx_ppi_channel_assign
                0x0000000000001078       0x72 Output/gpiote_pca10056 Debug/Obj/nrfx_ppi.o
                0x0000000000001078                nrfx_ppi_channel_assign
 .text.nrfx_ppi_channel_enable
                0x00000000000010ea       0x6a Output/gpiote_pca10056 Debug/Obj/nrfx_ppi.o
                0x00000000000010ea                nrfx_ppi_channel_enable
 .text.NVIC_EnableIRQ
                0x0000000000001154       0x2c Output/gpiote_pca10056 Debug/Obj/nrfx_timer.o
 .text.NVIC_ClearPendingIRQ
                0x0000000000001180       0x30 Output/gpiote_pca10056 Debug/Obj/nrfx_timer.o
 .text.NVIC_SetPriority
                0x00000000000011b0       0x50 Output/gpiote_pca10056 Debug/Obj/nrfx_timer.o
 .text.nrfx_get_irq_number
                0x0000000000001200       0x16 Output/gpiote_pca10056 Debug/Obj/nrfx_timer.o
 *fill*         0x0000000000001216        0x2 
 .text._NRFX_IRQ_PRIORITY_SET
                0x0000000000001218       0x40 Output/gpiote_pca10056 Debug/Obj/nrfx_timer.o
 .text._NRFX_IRQ_ENABLE
                0x0000000000001258       0x26 Output/gpiote_pca10056 Debug/Obj/nrfx_timer.o
 .text.nrf_timer_task_trigger
                0x000000000000127e       0x1c Output/gpiote_pca10056 Debug/Obj/nrfx_timer.o
 .text.nrf_timer_event_clear
                0x000000000000129a       0x2a Output/gpiote_pca10056 Debug/Obj/nrfx_timer.o
 .text.nrf_timer_event_check
                0x00000000000012c4       0x24 Output/gpiote_pca10056 Debug/Obj/nrfx_timer.o
 .text.nrf_timer_shorts_enable
                0x00000000000012e8       0x1c Output/gpiote_pca10056 Debug/Obj/nrfx_timer.o
 .text.nrf_timer_shorts_disable
                0x0000000000001304       0x1e Output/gpiote_pca10056 Debug/Obj/nrfx_timer.o
 .text.nrf_timer_int_enable
                0x0000000000001322       0x14 Output/gpiote_pca10056 Debug/Obj/nrfx_timer.o
 .text.nrf_timer_int_disable
                0x0000000000001336       0x14 Output/gpiote_pca10056 Debug/Obj/nrfx_timer.o
 .text.nrf_timer_int_enable_check
                0x000000000000134a       0x20 Output/gpiote_pca10056 Debug/Obj/nrfx_timer.o
 .text.nrf_timer_mode_set
                0x000000000000136a       0x2a Output/gpiote_pca10056 Debug/Obj/nrfx_timer.o
 .text.nrf_timer_bit_width_set
                0x0000000000001394       0x2a Output/gpiote_pca10056 Debug/Obj/nrfx_timer.o
 .text.nrf_timer_frequency_set
                0x00000000000013be       0x2a Output/gpiote_pca10056 Debug/Obj/nrfx_timer.o
 .text.nrf_timer_cc_write
                0x00000000000013e8       0x22 Output/gpiote_pca10056 Debug/Obj/nrfx_timer.o
 .text.nrf_timer_compare_event_get
                0x000000000000140a       0x16 Output/gpiote_pca10056 Debug/Obj/nrfx_timer.o
 .text.nrf_timer_compare_int_get
                0x0000000000001420       0x14 Output/gpiote_pca10056 Debug/Obj/nrfx_timer.o
 .text.nrfx_timer_init
                0x0000000000001434      0x1f8 Output/gpiote_pca10056 Debug/Obj/nrfx_timer.o
                0x0000000000001434                nrfx_timer_init
 .text.nrfx_timer_enable
                0x000000000000162c       0x5c Output/gpiote_pca10056 Debug/Obj/nrfx_timer.o
                0x000000000000162c                nrfx_timer_enable
 .text.nrfx_timer_compare
                0x0000000000001688       0x72 Output/gpiote_pca10056 Debug/Obj/nrfx_timer.o
                0x0000000000001688                nrfx_timer_compare
 .text.nrfx_timer_extended_compare
                0x00000000000016fa       0x5e Output/gpiote_pca10056 Debug/Obj/nrfx_timer.o
                0x00000000000016fa                nrfx_timer_extended_compare
 .text.irq_handler
                0x0000000000001758       0x8c Output/gpiote_pca10056 Debug/Obj/nrfx_timer.o
 .text.TIMER0_IRQHandler
                0x00000000000017e4       0x18 Output/gpiote_pca10056 Debug/Obj/nrfx_timer.o
                0x00000000000017e4                TIMER0_IRQHandler
 .text.NVIC_SystemReset
                0x00000000000017fc       0x24 Output/gpiote_pca10056 Debug/Obj/system_nrf52840.o
 .text.SystemCoreClockUpdate
                0x0000000000001820       0x14 Output/gpiote_pca10056 Debug/Obj/system_nrf52840.o
                0x0000000000001820                SystemCoreClockUpdate
 .text.SystemInit
                0x0000000000001834      0x250 Output/gpiote_pca10056 Debug/Obj/system_nrf52840.o
                0x0000000000001834                SystemInit
 .text.errata_36
                0x0000000000001a84       0x3c Output/gpiote_pca10056 Debug/Obj/system_nrf52840.o
 .text.errata_66
                0x0000000000001ac0       0x3c Output/gpiote_pca10056 Debug/Obj/system_nrf52840.o
 .text.errata_98
                0x0000000000001afc       0x24 Output/gpiote_pca10056 Debug/Obj/system_nrf52840.o
 .text.errata_103
                0x0000000000001b20       0x24 Output/gpiote_pca10056 Debug/Obj/system_nrf52840.o
 .text.errata_115
                0x0000000000001b44       0x24 Output/gpiote_pca10056 Debug/Obj/system_nrf52840.o
 .text.errata_120
                0x0000000000001b68       0x24 Output/gpiote_pca10056 Debug/Obj/system_nrf52840.o
 .text.errata_136
                0x0000000000001b8c       0x3c Output/gpiote_pca10056 Debug/Obj/system_nrf52840.o
 .text.libc.memset
                0x0000000000001bc8       0x66 /Applications/SEGGER Embedded Studio for ARM 3.40/lib/libc_v7em_fpv4_sp_d16_hard_t_le_eabi.a(libc2_asm.o)
                0x0000000000001bc8                memset
                0x0000000000001c2e                __text_end__ = (__text_start__ + SIZEOF (.text))
                0x000000000000190a                __text_size__ = SIZEOF (.text)
                0x0000000000001c2e                __text_load_end__ = __text_end__

.vfp11_veneer   0x0000000100000000        0x0
 .vfp11_veneer  0x0000000100000000        0x0 linker stubs

.v4_bx          0x0000000100000000        0x0
 .v4_bx         0x0000000100000000        0x0 linker stubs

.iplt           0x0000000100000000        0x0
 .iplt          0x0000000100000000        0x0 Output/gpiote_pca10056 Debug/Obj/thumb_crt0.o
                0x0000000000000001                . = ASSERT (((__text_start__ == __text_end__) || ((__text_end__ >= __FLASH_segment_start__) && (__text_end__ <= __FLASH_segment_end__))), error: .text is too large to fit in FLASH memory segment)
                0x0000000000001c30                __log_const_data_load_start__ = ALIGN (__text_end__, 0x4)

.log_const_data
                0x0000000000001c30        0x0
                0x0000000000001c30                __log_const_data_start__ = .
                0x0000000000001c30                __start_log_const_data = __log_const_data_start__
 *(SORT_BY_NAME(.log_const_data*))
                0x0000000000001c30                __log_const_data_end__ = (__log_const_data_start__ + SIZEOF (.log_const_data))
                0x0000000000000000                __log_const_data_size__ = SIZEOF (.log_const_data)
                0x0000000000001c30                __stop_log_const_data = __log_const_data_end__
                0x0000000000001c30                __log_const_data_load_end__ = __log_const_data_end__
                0x0000000000000001                . = ASSERT (((__log_const_data_start__ == __log_const_data_end__) || ((__log_const_data_end__ >= __FLASH_segment_start__) && (__log_const_data_end__ <= __FLASH_segment_end__))), error: .log_const_data is too large to fit in FLASH memory segment)
                0x0000000000001c30                __nrf_balloc_load_start__ = ALIGN (__log_const_data_end__, 0x4)

.nrf_balloc     0x0000000000001c30        0x0
                0x0000000000001c30                __nrf_balloc_start__ = .
                0x0000000000001c30                __start_nrf_balloc = __nrf_balloc_start__
 *(.nrf_balloc*)
                0x0000000000001c30                __nrf_balloc_end__ = (__nrf_balloc_start__ + SIZEOF (.nrf_balloc))
                0x0000000000000000                __nrf_balloc_size__ = SIZEOF (.nrf_balloc)
                0x0000000000001c30                __stop_nrf_balloc = __nrf_balloc_end__
                0x0000000000001c30                __nrf_balloc_load_end__ = __nrf_balloc_end__
                0x0000000000000001                . = ASSERT (((__nrf_balloc_start__ == __nrf_balloc_end__) || ((__nrf_balloc_end__ >= __FLASH_segment_start__) && (__nrf_balloc_end__ <= __FLASH_segment_end__))), error: .nrf_balloc is too large to fit in FLASH memory segment)
                0x0000000000001c30                __nrf_sections_load_start__ = ALIGN (__nrf_balloc_end__, 0x4)

.nrf_sections   0x0000000000001c30        0x0
                0x0000000000001c30                __nrf_sections_start__ = .
                0x0000000000001c30                __start_nrf_sections = __nrf_sections_start__
 *(.nrf_sections .nrf_sections.*)
                0x0000000000001c30                __nrf_sections_end__ = (__nrf_sections_start__ + SIZEOF (.nrf_sections))
                0x0000000000000000                __nrf_sections_size__ = SIZEOF (.nrf_sections)
                0x0000000000001c30                __nrf_sections_load_end__ = __nrf_sections_end__
                0x0000000000000001                . = ASSERT (((__nrf_sections_start__ == __nrf_sections_end__) || ((__nrf_sections_end__ >= __FLASH_segment_start__) && (__nrf_sections_end__ <= __FLASH_segment_end__))), error: .nrf_sections is too large to fit in FLASH memory segment)
                0x0000000000001c30                __log_dynamic_data_load_start__ = ALIGN (__nrf_sections_end__, 0x4)

.log_dynamic_data
                0x0000000020000000        0x0 load address 0x0000000000001c30
                0x0000000020000000                __log_dynamic_data_start__ = .
 *(SORT_BY_NAME(.log_dynamic_data*))
                0x0000000020000000                __log_dynamic_data_end__ = (__log_dynamic_data_start__ + SIZEOF (.log_dynamic_data))
                0x0000000000000000                __log_dynamic_data_size__ = SIZEOF (.log_dynamic_data)
                0x0000000000001c30                __log_dynamic_data_load_end__ = (__log_dynamic_data_load_start__ + SIZEOF (.log_dynamic_data))
                0x0000000000000001                . = ASSERT (((__log_dynamic_data_load_start__ == __log_dynamic_data_load_end__) || ((__log_dynamic_data_load_end__ >= __FLASH_segment_start__) && (__log_dynamic_data_load_end__ <= __FLASH_segment_end__))), error: .log_dynamic_data is too large to fit in FLASH memory segment)

.log_dynamic_data_run
                0x0000000020000000        0x0
                0x0000000020000000                __log_dynamic_data_run_start__ = .
                0x0000000020000000                __start_log_dynamic_data = __log_dynamic_data_run_start__
                0x0000000020000000                . = MAX ((__log_dynamic_data_run_start__ + SIZEOF (.log_dynamic_data)), .)
                0x0000000020000000                __log_dynamic_data_run_end__ = (__log_dynamic_data_run_start__ + SIZEOF (.log_dynamic_data_run))
                0x0000000000000000                __log_dynamic_data_run_size__ = SIZEOF (.log_dynamic_data_run)
                0x0000000020000000                __stop_log_dynamic_data = __log_dynamic_data_run_end__
                0x0000000020000000                __log_dynamic_data_run_load_end__ = __log_dynamic_data_run_end__
                0x0000000000000001                . = ASSERT (((__log_dynamic_data_run_start__ == __log_dynamic_data_run_end__) || ((__log_dynamic_data_run_end__ >= __RAM_segment_start__) && (__log_dynamic_data_run_end__ <= __RAM_segment_end__))), error: .log_dynamic_data_run is too large to fit in RAM memory segment)
                0x0000000020000000                __nrf_sections_run_end_load_start__ = ALIGN (__log_dynamic_data_run_end__, 0x4)

.nrf_sections_run_end
                0x0000000020000000        0x0
                0x0000000020000000                __nrf_sections_run_end_start__ = .
                0x0000000020000000                __end_nrf_sections_run = __nrf_sections_run_end_start__
 *(.nrf_sections_run_end .nrf_sections_run_end.*)
                0x0000000020000000                __nrf_sections_run_end_end__ = (__nrf_sections_run_end_start__ + SIZEOF (.nrf_sections_run_end))
                0x0000000000000000                __nrf_sections_run_end_size__ = SIZEOF (.nrf_sections_run_end)
                0x0000000020000000                __nrf_sections_run_end_load_end__ = __nrf_sections_run_end_end__
                0x0000000000000001                . = ASSERT (((__nrf_sections_run_end_start__ == __nrf_sections_run_end_end__) || ((__nrf_sections_run_end_end__ >= __RAM_segment_start__) && (__nrf_sections_run_end_end__ <= __RAM_segment_end__))), error: .nrf_sections_run_end is too large to fit in RAM memory segment)
                0x0000000000001c30                __dtors_load_start__ = ALIGN ((__log_dynamic_data_load_start__ + SIZEOF (.log_dynamic_data)), 0x4)

.dtors          0x0000000000001c30        0x0
                0x0000000000001c30                __dtors_start__ = .
 *(SORT_BY_NAME(.dtors.*))
 *(.dtors)
 *(.fini_array)
 *(SORT_BY_NAME(.fini_array.*))
                0x0000000000001c30                __dtors_end__ = (__dtors_start__ + SIZEOF (.dtors))
                0x0000000000000000                __dtors_size__ = SIZEOF (.dtors)
                0x0000000000001c30                __dtors_load_end__ = __dtors_end__
                0x0000000000000001                . = ASSERT (((__dtors_start__ == __dtors_end__) || ((__dtors_end__ >= __FLASH_segment_start__) && (__dtors_end__ <= __FLASH_segment_end__))), error: .dtors is too large to fit in FLASH memory segment)
                0x0000000000001c30                __ctors_load_start__ = ALIGN (__dtors_end__, 0x4)

.ctors          0x0000000000001c30        0x0
                0x0000000000001c30                __ctors_start__ = .
 *(SORT_BY_NAME(.ctors.*))
 *(.ctors)
 *(.init_array)
 *(SORT_BY_NAME(.init_array.*))
                0x0000000000001c30                __ctors_end__ = (__ctors_start__ + SIZEOF (.ctors))
                0x0000000000000000                __ctors_size__ = SIZEOF (.ctors)
                0x0000000000001c30                __ctors_load_end__ = __ctors_end__
                0x0000000000000001                . = ASSERT (((__ctors_start__ == __ctors_end__) || ((__ctors_end__ >= __FLASH_segment_start__) && (__ctors_end__ <= __FLASH_segment_end__))), error: .ctors is too large to fit in FLASH memory segment)
                0x0000000000001c30                __rodata_load_start__ = ALIGN (__ctors_end__, 0x4)

.rodata         0x0000000000001c30      0x254
                0x0000000000001c30                __rodata_start__ = .
 *(.rodata .rodata.* .gnu.linkonce.r.*)
 .rodata        0x0000000000001c30       0x74 Output/gpiote_pca10056 Debug/Obj/main.o
 .rodata        0x0000000000001ca4       0x74 Output/gpiote_pca10056 Debug/Obj/app_util_platform.o
 .rodata        0x0000000000001d18       0xcd Output/gpiote_pca10056 Debug/Obj/nrfx_gpiote.o
 *fill*         0x0000000000001de5        0x3 
 .rodata        0x0000000000001de8       0x9c Output/gpiote_pca10056 Debug/Obj/nrfx_timer.o
                0x0000000000001e84                __rodata_end__ = (__rodata_start__ + SIZEOF (.rodata))
                0x0000000000000254                __rodata_size__ = SIZEOF (.rodata)
                0x0000000000001e84                __rodata_load_end__ = __rodata_end__

.rel.dyn        0x0000000000001e84        0x0
 .rel.iplt      0x0000000000001e84        0x0 Output/gpiote_pca10056 Debug/Obj/thumb_crt0.o
                0x0000000000000001                . = ASSERT (((__rodata_start__ == __rodata_end__) || ((__rodata_end__ >= __FLASH_segment_start__) && (__rodata_end__ <= __FLASH_segment_end__))), error: .rodata is too large to fit in FLASH memory segment)
                0x0000000000001e84                __ARM.exidx_load_start__ = ALIGN (__rodata_end__, 0x4)

.ARM.exidx      0x0000000000001e84        0x0
                0x0000000000001e84                __ARM.exidx_start__ = .
                0x0000000000001e84                __exidx_start = __ARM.exidx_start__
 *(.ARM.exidx .ARM.exidx.*)
                0x0000000000001e84                __ARM.exidx_end__ = (__ARM.exidx_start__ + SIZEOF (.ARM.exidx))
                0x0000000000000000                __ARM.exidx_size__ = SIZEOF (.ARM.exidx)
                0x0000000000001e84                __exidx_end = __ARM.exidx_end__
                0x0000000000001e84                __ARM.exidx_load_end__ = __ARM.exidx_end__
                0x0000000000000001                . = ASSERT (((__ARM.exidx_start__ == __ARM.exidx_end__) || ((__ARM.exidx_end__ >= __FLASH_segment_start__) && (__ARM.exidx_end__ <= __FLASH_segment_end__))), error: .ARM.exidx is too large to fit in FLASH memory segment)
                0x0000000000001e84                __fast_load_start__ = ALIGN (__ARM.exidx_end__, 0x4)

.fast           0x0000000020000000        0x0 load address 0x0000000000001e84
                0x0000000020000000                __fast_start__ = .
 *(.fast .fast.*)
                0x0000000020000000                __fast_end__ = (__fast_start__ + SIZEOF (.fast))
                0x0000000000000000                __fast_size__ = SIZEOF (.fast)
                0x0000000000001e84                __fast_load_end__ = (__fast_load_start__ + SIZEOF (.fast))
                0x0000000000000001                . = ASSERT (((__fast_load_start__ == __fast_load_end__) || ((__fast_load_end__ >= __FLASH_segment_start__) && (__fast_load_end__ <= __FLASH_segment_end__))), error: .fast is too large to fit in FLASH memory segment)

.fast_run       0x0000000020000000        0x0
                0x0000000020000000                __fast_run_start__ = .
                0x0000000020000000                . = MAX ((__fast_run_start__ + SIZEOF (.fast)), .)
                0x0000000020000000                __fast_run_end__ = (__fast_run_start__ + SIZEOF (.fast_run))
                0x0000000000000000                __fast_run_size__ = SIZEOF (.fast_run)
                0x0000000020000000                __fast_run_load_end__ = __fast_run_end__
                0x0000000000000001                . = ASSERT (((__fast_run_start__ == __fast_run_end__) || ((__fast_run_end__ >= __RAM_segment_start__) && (__fast_run_end__ <= __RAM_segment_end__))), error: .fast_run is too large to fit in RAM memory segment)
                0x0000000000001e84                __data_load_start__ = ALIGN ((__fast_load_start__ + SIZEOF (.fast)), 0x4)

.data           0x0000000020000000        0xc load address 0x0000000000001e84
                0x0000000020000000                __data_start__ = .
 *(.data .data.* .gnu.linkonce.d.*)
 .data.timer    0x0000000020000000        0x8 Output/gpiote_pca10056 Debug/Obj/main.o
 .data.SystemCoreClock
                0x0000000020000008        0x4 Output/gpiote_pca10056 Debug/Obj/system_nrf52840.o
                0x0000000020000008                SystemCoreClock
                0x000000002000000c                __data_end__ = (__data_start__ + SIZEOF (.data))
                0x000000000000000c                __data_size__ = SIZEOF (.data)
                0x0000000000001e90                __data_load_end__ = (__data_load_start__ + SIZEOF (.data))

.igot.plt       0x0000000100000000        0x0
 .igot.plt      0x0000000100000000        0x0 Output/gpiote_pca10056 Debug/Obj/thumb_crt0.o
                0x0000000000000001                . = ASSERT (((__data_load_start__ == __data_load_end__) || ((__data_load_end__ >= __FLASH_segment_start__) && (__data_load_end__ <= __FLASH_segment_end__))), error: .data is too large to fit in FLASH memory segment)

.data_run       0x0000000020000000        0xc load address 0x0000000000001e84
                0x0000000020000000                __data_run_start__ = .
                0x000000002000000c                . = MAX ((__data_run_start__ + SIZEOF (.data)), .)
 *fill*         0x0000000020000000        0xc 
                0x000000002000000c                __data_run_end__ = (__data_run_start__ + SIZEOF (.data_run))
                0x000000000000000c                __data_run_size__ = SIZEOF (.data_run)
                0x000000002000000c                __data_run_load_end__ = __data_run_end__
                0x0000000000000001                . = ASSERT (((__data_run_start__ == __data_run_end__) || ((__data_run_end__ >= __RAM_segment_start__) && (__data_run_end__ <= __RAM_segment_end__))), error: .data_run is too large to fit in RAM memory segment)
                0x0000000000001e90                __tdata_load_start__ = ALIGN ((__data_load_start__ + SIZEOF (.data)), 0x4)

.tdata          0x000000002000000c        0x0 load address 0x0000000000001e90
                0x000000002000000c                __tdata_start__ = .
 *(.tdata .tdata.*)
                0x000000002000000c                __tdata_end__ = (__tdata_start__ + SIZEOF (.tdata))
                0x0000000000000000                __tdata_size__ = SIZEOF (.tdata)
                0x0000000000001e90                __tdata_load_end__ = (__tdata_load_start__ + SIZEOF (.tdata))
                0x0000000000001e90                __FLASH_segment_used_end__ = (ALIGN ((__data_load_start__ + SIZEOF (.data)), 0x4) + SIZEOF (.tdata))
                0x0000000000001e90                __FLASH_segment_used_size__ = (__FLASH_segment_used_end__ - __FLASH_segment_start__)
                0x0000000000000001                . = ASSERT (((__tdata_load_start__ == __tdata_load_end__) || ((__tdata_load_end__ >= __FLASH_segment_start__) && (__tdata_load_end__ <= __FLASH_segment_end__))), error: .tdata is too large to fit in FLASH memory segment)

.tdata_run      0x000000002000000c        0x0
                0x000000002000000c                __tdata_run_start__ = .
                0x000000002000000c                . = MAX ((__tdata_run_start__ + SIZEOF (.tdata)), .)
                0x000000002000000c                __tdata_run_end__ = (__tdata_run_start__ + SIZEOF (.tdata_run))
                0x0000000000000000                __tdata_run_size__ = SIZEOF (.tdata_run)
                0x000000002000000c                __tdata_run_load_end__ = __tdata_run_end__
                0x0000000000000001                . = ASSERT (((__tdata_run_start__ == __tdata_run_end__) || ((__tdata_run_end__ >= __RAM_segment_start__) && (__tdata_run_end__ <= __RAM_segment_end__))), error: .tdata_run is too large to fit in RAM memory segment)
                0x000000002000000c                __bss_load_start__ = ALIGN (__tdata_run_end__, 0x4)

.bss            0x000000002000000c       0x94
                0x000000002000000c                __bss_start__ = .
 *(.bss .bss.* .gnu.linkonce.b.*)
 .bss.m_error_data.7608
                0x000000002000000c       0x20 Output/gpiote_pca10056 Debug/Obj/app_error.o
 .bss.m_in_critical_region
                0x000000002000002c        0x4 Output/gpiote_pca10056 Debug/Obj/app_util_platform.o
 .bss.m_drv_state
                0x0000000020000030        0x1 Output/gpiote_pca10056 Debug/Obj/nrf_drv_ppi.o
 *fill*         0x0000000020000031        0x3 
 .bss.m_cb      0x0000000020000034       0x5c Output/gpiote_pca10056 Debug/Obj/nrfx_gpiote.o
 .bss.m_channels_allocated
                0x0000000020000090        0x4 Output/gpiote_pca10056 Debug/Obj/nrfx_ppi.o
 .bss.m_cb      0x0000000020000094        0xc Output/gpiote_pca10056 Debug/Obj/nrfx_timer.o
 *(COMMON)
                0x00000000200000a0                __bss_end__ = (__bss_start__ + SIZEOF (.bss))
                0x0000000000000094                __bss_size__ = SIZEOF (.bss)
                0x00000000200000a0                __bss_load_end__ = __bss_end__
                0x0000000000000001                . = ASSERT (((__bss_start__ == __bss_end__) || ((__bss_end__ >= __RAM_segment_start__) && (__bss_end__ <= __RAM_segment_end__))), error: .bss is too large to fit in RAM memory segment)
                0x00000000200000a0                __tbss_load_start__ = ALIGN (__bss_end__, 0x4)

.tbss           0x00000000200000a0        0x0
                0x00000000200000a0                __tbss_start__ = .
 *(.tbss .tbss.*)
                0x00000000200000a0                __tbss_end__ = (__tbss_start__ + SIZEOF (.tbss))
                0x0000000000000000                __tbss_size__ = SIZEOF (.tbss)
                0x00000000200000a0                __tbss_load_end__ = __tbss_end__
                0x0000000000000001                . = ASSERT (((__tbss_start__ == __tbss_end__) || ((__tbss_end__ >= __RAM_segment_start__) && (__tbss_end__ <= __RAM_segment_end__))), error: .tbss is too large to fit in RAM memory segment)
                0x00000000200000a0                __non_init_load_start__ = ALIGN (__tbss_end__, 0x4)

.non_init       0x00000000200000a0        0x0
                0x00000000200000a0                __non_init_start__ = .
 *(.non_init .non_init.*)
                0x00000000200000a0                __non_init_end__ = (__non_init_start__ + SIZEOF (.non_init))
                0x0000000000000000                __non_init_size__ = SIZEOF (.non_init)
                0x00000000200000a0                __non_init_load_end__ = __non_init_end__
                0x0000000000000001                . = ASSERT (((__non_init_start__ == __non_init_end__) || ((__non_init_end__ >= __RAM_segment_start__) && (__non_init_end__ <= __RAM_segment_end__))), error: .non_init is too large to fit in RAM memory segment)
                0x00000000200000a0                __heap_load_start__ = ALIGN (__non_init_end__, 0x4)

.heap           0x00000000200000a0     0x2000
                0x00000000200000a0                __heap_start__ = .
 *(.heap .heap.*)
                0x00000000200020a0                . = ALIGN (MAX ((__heap_start__ + __HEAPSIZE__), .), 0x4)
 *fill*         0x00000000200000a0     0x2000 
                0x00000000200020a0                __heap_end__ = (__heap_start__ + SIZEOF (.heap))
                0x0000000000002000                __heap_size__ = SIZEOF (.heap)
                0x00000000200020a0                __heap_load_end__ = __heap_end__
                0x0000000000000001                . = ASSERT (((__heap_start__ == __heap_end__) || ((__heap_end__ >= __RAM_segment_start__) && (__heap_end__ <= __RAM_segment_end__))), error: .heap is too large to fit in RAM memory segment)
                0x000000002003e000                __stack_load_start__ = (__RAM_segment_end__ - 0x2000)

.stack          0x000000002003e000     0x2000
                0x000000002003e000                __stack_start__ = .
                0x000000002003e000                __StackLimit = __stack_start__
 *(.stack .stack.*)
                0x0000000020040000                . = ALIGN (MAX ((__stack_start__ + __STACKSIZE__), .), 0x8)
 *fill*         0x000000002003e000     0x2000 
                0x0000000020040000                __stack_end__ = (__stack_start__ + SIZEOF (.stack))
                0x0000000000002000                __stack_size__ = SIZEOF (.stack)
                0x0000000020040000                __StackTop = __stack_end__
                0x0000000020040000                __stack_load_end__ = __stack_end__
                0x0000000000000001                . = ASSERT (((__stack_start__ == __stack_end__) || ((__stack_end__ >= __RAM_segment_start__) && (__stack_end__ <= __RAM_segment_end__))), error: .stack is too large to fit in RAM memory segment)
                0x0000000000000001                . = ASSERT ((__heap_end__ <= __stack_start__), error: section .heap overlaps absolute placed section .stack)
                0x0000000020040000                __stack_process_load_start__ = ALIGN (__stack_end__, 0x8)

.stack_process  0x0000000020040000        0x0
                0x0000000020040000                __stack_process_start__ = .
 *(.stack_process .stack_process.*)
                0x0000000020040000                . = ALIGN (MAX ((__stack_process_start__ + __STACKSIZE_PROCESS__), .), 0x8)
                0x0000000020040000                __stack_process_end__ = (__stack_process_start__ + SIZEOF (.stack_process))
                0x0000000000000000                __stack_process_size__ = SIZEOF (.stack_process)
                0x0000000020040000                __stack_process_load_end__ = __stack_process_end__
                0x0000000020040000                __RAM_segment_used_end__ = (ALIGN (__stack_end__, 0x8) + SIZEOF (.stack_process))
                0x0000000000040000                __RAM_segment_used_size__ = (__RAM_segment_used_end__ - __RAM_segment_start__)
                0x0000000000000001                . = ASSERT (((__stack_process_start__ == __stack_process_end__) || ((__stack_process_end__ >= __RAM_segment_start__) && (__stack_process_end__ <= __RAM_segment_end__))), error: .stack_process is too large to fit in RAM memory segment)
START GROUP
LOAD Output/gpiote_pca10056 Debug/Obj/thumb_crt0.o
LOAD Output/gpiote_pca10056 Debug/Obj/main.o
LOAD Output/gpiote_pca10056 Debug/Obj/boards.o
LOAD Output/gpiote_pca10056 Debug/Obj/app_error.o
LOAD Output/gpiote_pca10056 Debug/Obj/app_error_handler_gcc.o
LOAD Output/gpiote_pca10056 Debug/Obj/app_error_weak.o
LOAD Output/gpiote_pca10056 Debug/Obj/app_util_platform.o
LOAD Output/gpiote_pca10056 Debug/Obj/nrf_assert.o
LOAD Output/gpiote_pca10056 Debug/Obj/nrf_strerror.o
LOAD Output/gpiote_pca10056 Debug/Obj/nrf_drv_ppi.o
LOAD Output/gpiote_pca10056 Debug/Obj/nrfx_gpiote.o
LOAD Output/gpiote_pca10056 Debug/Obj/nrfx_ppi.o
LOAD Output/gpiote_pca10056 Debug/Obj/nrfx_timer.o
LOAD Output/gpiote_pca10056 Debug/Obj/ses_nRF_Startup.o
LOAD Output/gpiote_pca10056 Debug/Obj/ses_nrf52840_Vectors.o
LOAD Output/gpiote_pca10056 Debug/Obj/system_nrf52840.o
LOAD /Applications/SEGGER Embedded Studio for ARM 3.40/lib/libdebugio_mempoll_v7em_fpv4_sp_d16_hard_t_le_eabi.a
LOAD /Applications/SEGGER Embedded Studio for ARM 3.40/lib/libm_v7em_fpv4_sp_d16_hard_t_le_eabi.a
LOAD /Applications/SEGGER Embedded Studio for ARM 3.40/lib/libc_v7em_fpv4_sp_d16_hard_t_le_eabi.a
LOAD /Applications/SEGGER Embedded Studio for ARM 3.40/lib/libcpp_v7em_fpv4_sp_d16_hard_t_le_eabi.a
LOAD /Applications/SEGGER Embedded Studio for ARM 3.40/lib/libdebugio_v7em_fpv4_sp_d16_hard_t_le_eabi.a
LOAD /Applications/SEGGER Embedded Studio for ARM 3.40/lib/libvfprintf_v7em_fpv4_sp_d16_hard_t_le_eabi.o
LOAD /Applications/SEGGER Embedded Studio for ARM 3.40/lib/libvfscanf_v7em_fpv4_sp_d16_hard_t_le_eabi.o
END GROUP
OUTPUT(Output/Debug/Exe/gpiote_pca10056.elf elf32-littlearm)

.ARM.attributes
                0x0000000000000000       0x35
 .ARM.attributes
                0x0000000000000000       0x25 Output/gpiote_pca10056 Debug/Obj/thumb_crt0.o
 .ARM.attributes
                0x0000000000000025       0x39 Output/gpiote_pca10056 Debug/Obj/main.o
 .ARM.attributes
                0x000000000000005e       0x39 Output/gpiote_pca10056 Debug/Obj/app_error.o
 .ARM.attributes
                0x0000000000000097       0x39 Output/gpiote_pca10056 Debug/Obj/app_error_handler_gcc.o
 .ARM.attributes
                0x00000000000000d0       0x39 Output/gpiote_pca10056 Debug/Obj/app_error_weak.o
 .ARM.attributes
                0x0000000000000109       0x39 Output/gpiote_pca10056 Debug/Obj/app_util_platform.o
 .ARM.attributes
                0x0000000000000142       0x39 Output/gpiote_pca10056 Debug/Obj/nrf_assert.o
 .ARM.attributes
                0x000000000000017b       0x39 Output/gpiote_pca10056 Debug/Obj/nrf_drv_ppi.o
 .ARM.attributes
                0x00000000000001b4       0x39 Output/gpiote_pca10056 Debug/Obj/nrfx_gpiote.o
 .ARM.attributes
                0x00000000000001ed       0x39 Output/gpiote_pca10056 Debug/Obj/nrfx_ppi.o
 .ARM.attributes
                0x0000000000000226       0x39 Output/gpiote_pca10056 Debug/Obj/nrfx_timer.o
 .ARM.attributes
                0x000000000000025f       0x25 Output/gpiote_pca10056 Debug/Obj/ses_nRF_Startup.o
 .ARM.attributes
                0x0000000000000284       0x25 Output/gpiote_pca10056 Debug/Obj/ses_nrf52840_Vectors.o
 .ARM.attributes
                0x00000000000002a9       0x39 Output/gpiote_pca10056 Debug/Obj/system_nrf52840.o
 .ARM.attributes
                0x00000000000002e2       0x20 /Applications/SEGGER Embedded Studio for ARM 3.40/lib/libc_v7em_fpv4_sp_d16_hard_t_le_eabi.a(libc2_asm.o)

.comment        0x0000000000000000       0x4c
 .comment       0x0000000000000000       0x4c Output/gpiote_pca10056 Debug/Obj/main.o
                                         0x4d (size before relaxing)
 .comment       0x000000000000004c       0x4d Output/gpiote_pca10056 Debug/Obj/app_error.o
 .comment       0x000000000000004c       0x4d Output/gpiote_pca10056 Debug/Obj/app_error_handler_gcc.o
 .comment       0x000000000000004c       0x4d Output/gpiote_pca10056 Debug/Obj/app_error_weak.o
 .comment       0x000000000000004c       0x4d Output/gpiote_pca10056 Debug/Obj/app_util_platform.o
 .comment       0x000000000000004c       0x4d Output/gpiote_pca10056 Debug/Obj/nrf_assert.o
 .comment       0x000000000000004c       0x4d Output/gpiote_pca10056 Debug/Obj/nrf_drv_ppi.o
 .comment       0x000000000000004c       0x4d Output/gpiote_pca10056 Debug/Obj/nrfx_gpiote.o
 .comment       0x000000000000004c       0x4d Output/gpiote_pca10056 Debug/Obj/nrfx_ppi.o
 .comment       0x000000000000004c       0x4d Output/gpiote_pca10056 Debug/Obj/nrfx_timer.o
 .comment       0x000000000000004c       0x4d Output/gpiote_pca10056 Debug/Obj/system_nrf52840.o

.debug_line     0x0000000000000000     0x4b4e
 .debug_line    0x0000000000000000      0x1e2 Output/gpiote_pca10056 Debug/Obj/thumb_crt0.o
 .debug_line    0x00000000000001e2      0x6ad Output/gpiote_pca10056 Debug/Obj/main.o
 .debug_line    0x000000000000088f      0x30c Output/gpiote_pca10056 Debug/Obj/app_error.o
 .debug_line    0x0000000000000b9b      0x357 Output/gpiote_pca10056 Debug/Obj/app_error_handler_gcc.o
 .debug_line    0x0000000000000ef2      0x613 Output/gpiote_pca10056 Debug/Obj/app_error_weak.o
 .debug_line    0x0000000000001505      0x3b8 Output/gpiote_pca10056 Debug/Obj/app_util_platform.o
 .debug_line    0x00000000000018bd      0x2df Output/gpiote_pca10056 Debug/Obj/nrf_assert.o
 .debug_line    0x0000000000001b9c      0x57d Output/gpiote_pca10056 Debug/Obj/nrf_drv_ppi.o
 .debug_line    0x0000000000002119      0xfd6 Output/gpiote_pca10056 Debug/Obj/nrfx_gpiote.o
 .debug_line    0x00000000000030ef      0xa20 Output/gpiote_pca10056 Debug/Obj/nrfx_ppi.o
 .debug_line    0x0000000000003b0f      0xb50 Output/gpiote_pca10056 Debug/Obj/nrfx_timer.o
 .debug_line    0x000000000000465f       0xc2 Output/gpiote_pca10056 Debug/Obj/ses_nRF_Startup.o
 .debug_line    0x0000000000004721       0xd4 Output/gpiote_pca10056 Debug/Obj/ses_nrf52840_Vectors.o
 .debug_line    0x00000000000047f5      0x359 Output/gpiote_pca10056 Debug/Obj/system_nrf52840.o

.debug_info     0x0000000000000000     0x9d49
 .debug_info    0x0000000000000000       0x22 Output/gpiote_pca10056 Debug/Obj/thumb_crt0.o
 .debug_info    0x0000000000000022      0xde3 Output/gpiote_pca10056 Debug/Obj/main.o
 .debug_info    0x0000000000000e05      0x7bf Output/gpiote_pca10056 Debug/Obj/app_error.o
 .debug_info    0x00000000000015c4      0x679 Output/gpiote_pca10056 Debug/Obj/app_error_handler_gcc.o
 .debug_info    0x0000000000001c3d      0x7fd Output/gpiote_pca10056 Debug/Obj/app_error_weak.o
 .debug_info    0x000000000000243a      0xc7b Output/gpiote_pca10056 Debug/Obj/app_util_platform.o
 .debug_info    0x00000000000030b5      0x676 Output/gpiote_pca10056 Debug/Obj/nrf_assert.o
 .debug_info    0x000000000000372b      0x690 Output/gpiote_pca10056 Debug/Obj/nrf_drv_ppi.o
 .debug_info    0x0000000000003dbb     0x20ff Output/gpiote_pca10056 Debug/Obj/nrfx_gpiote.o
 .debug_info    0x0000000000005eba     0x120c Output/gpiote_pca10056 Debug/Obj/nrfx_ppi.o
 .debug_info    0x00000000000070c6     0x18cc Output/gpiote_pca10056 Debug/Obj/nrfx_timer.o
 .debug_info    0x0000000000008992       0x26 Output/gpiote_pca10056 Debug/Obj/ses_nRF_Startup.o
 .debug_info    0x00000000000089b8       0x26 Output/gpiote_pca10056 Debug/Obj/ses_nrf52840_Vectors.o
 .debug_info    0x00000000000089de     0x136b Output/gpiote_pca10056 Debug/Obj/system_nrf52840.o

.debug_abbrev   0x0000000000000000     0x16d5
 .debug_abbrev  0x0000000000000000       0x12 Output/gpiote_pca10056 Debug/Obj/thumb_crt0.o
 .debug_abbrev  0x0000000000000012      0x212 Output/gpiote_pca10056 Debug/Obj/main.o
 .debug_abbrev  0x0000000000000224      0x18c Output/gpiote_pca10056 Debug/Obj/app_error.o
 .debug_abbrev  0x00000000000003b0      0x125 Output/gpiote_pca10056 Debug/Obj/app_error_handler_gcc.o
 .debug_abbrev  0x00000000000004d5      0x195 Output/gpiote_pca10056 Debug/Obj/app_error_weak.o
 .debug_abbrev  0x000000000000066a      0x28e Output/gpiote_pca10056 Debug/Obj/app_util_platform.o
 .debug_abbrev  0x00000000000008f8      0x134 Output/gpiote_pca10056 Debug/Obj/nrf_assert.o
 .debug_abbrev  0x0000000000000a2c      0x15b Output/gpiote_pca10056 Debug/Obj/nrf_drv_ppi.o
 .debug_abbrev  0x0000000000000b87      0x385 Output/gpiote_pca10056 Debug/Obj/nrfx_gpiote.o
 .debug_abbrev  0x0000000000000f0c      0x2b4 Output/gpiote_pca10056 Debug/Obj/nrfx_ppi.o
 .debug_abbrev  0x00000000000011c0      0x300 Output/gpiote_pca10056 Debug/Obj/nrfx_timer.o
 .debug_abbrev  0x00000000000014c0       0x14 Output/gpiote_pca10056 Debug/Obj/ses_nRF_Startup.o
 .debug_abbrev  0x00000000000014d4       0x14 Output/gpiote_pca10056 Debug/Obj/ses_nrf52840_Vectors.o
 .debug_abbrev  0x00000000000014e8      0x1ed Output/gpiote_pca10056 Debug/Obj/system_nrf52840.o

.debug_aranges  0x0000000000000000      0x770
 .debug_aranges
                0x0000000000000000       0x80 Output/gpiote_pca10056 Debug/Obj/thumb_crt0.o
 .debug_aranges
                0x0000000000000080       0x40 Output/gpiote_pca10056 Debug/Obj/main.o
 .debug_aranges
                0x00000000000000c0       0x28 Output/gpiote_pca10056 Debug/Obj/app_error.o
 .debug_aranges
                0x00000000000000e8       0x20 Output/gpiote_pca10056 Debug/Obj/app_error_handler_gcc.o
 .debug_aranges
                0x0000000000000108       0x20 Output/gpiote_pca10056 Debug/Obj/app_error_weak.o
 .debug_aranges
                0x0000000000000128       0x50 Output/gpiote_pca10056 Debug/Obj/app_util_platform.o
 .debug_aranges
                0x0000000000000178       0x20 Output/gpiote_pca10056 Debug/Obj/nrf_assert.o
 .debug_aranges
                0x0000000000000198       0x28 Output/gpiote_pca10056 Debug/Obj/nrf_drv_ppi.o
 .debug_aranges
                0x00000000000001c0      0x268 Output/gpiote_pca10056 Debug/Obj/nrfx_gpiote.o
 .debug_aranges
                0x0000000000000428      0x140 Output/gpiote_pca10056 Debug/Obj/nrfx_ppi.o
 .debug_aranges
                0x0000000000000568      0x160 Output/gpiote_pca10056 Debug/Obj/nrfx_timer.o
 .debug_aranges
                0x00000000000006c8       0x20 Output/gpiote_pca10056 Debug/Obj/ses_nRF_Startup.o
 .debug_aranges
                0x00000000000006e8       0x20 Output/gpiote_pca10056 Debug/Obj/ses_nrf52840_Vectors.o
 .debug_aranges
                0x0000000000000708       0x68 Output/gpiote_pca10056 Debug/Obj/system_nrf52840.o

.debug_str      0x0000000000000000    0x80d5a
 .debug_str     0x0000000000000000       0xc9 Output/gpiote_pca10056 Debug/Obj/thumb_crt0.o
 .debug_str     0x00000000000000c9    0x7a825 Output/gpiote_pca10056 Debug/Obj/main.o
                                      0x7b90e (size before relaxing)
 .debug_str     0x000000000007a8ee      0x130 Output/gpiote_pca10056 Debug/Obj/app_error.o
                                      0x6ed30 (size before relaxing)
 .debug_str     0x000000000007aa1e      0x533 Output/gpiote_pca10056 Debug/Obj/app_error_handler_gcc.o
                                      0x752c5 (size before relaxing)
 .debug_str     0x000000000007af51     0x35fd Output/gpiote_pca10056 Debug/Obj/app_error_weak.o
                                      0x78bbc (size before relaxing)
 .debug_str     0x000000000007e54e      0x4b8 Output/gpiote_pca10056 Debug/Obj/app_util_platform.o
                                      0x6f57f (size before relaxing)
 .debug_str     0x000000000007ea06       0x81 Output/gpiote_pca10056 Debug/Obj/nrf_assert.o
                                      0x6ed3b (size before relaxing)
 .debug_str     0x000000000007ea87       0xff Output/gpiote_pca10056 Debug/Obj/nrf_drv_ppi.o
                                      0x78178 (size before relaxing)
 .debug_str     0x000000000007eb86     0x1196 Output/gpiote_pca10056 Debug/Obj/nrfx_gpiote.o
                                      0x7c654 (size before relaxing)
 .debug_str     0x000000000007fd1c      0x3f5 Output/gpiote_pca10056 Debug/Obj/nrfx_ppi.o
                                      0x7aff1 (size before relaxing)
 .debug_str     0x0000000000080111      0x4f9 Output/gpiote_pca10056 Debug/Obj/nrfx_timer.o
                                      0x7be3a (size before relaxing)
 .debug_str     0x000000000008060a       0x69 Output/gpiote_pca10056 Debug/Obj/ses_nRF_Startup.o
                                         0xec (size before relaxing)
 .debug_str     0x0000000000080673       0x6e Output/gpiote_pca10056 Debug/Obj/ses_nrf52840_Vectors.o
                                         0xf1 (size before relaxing)
 .debug_str     0x00000000000806e1      0x679 Output/gpiote_pca10056 Debug/Obj/system_nrf52840.o
                                      0x6d82b (size before relaxing)

.debug_ranges   0x0000000000000000      0x678
 .debug_ranges  0x0000000000000000       0x78 Output/gpiote_pca10056 Debug/Obj/thumb_crt0.o
 .debug_ranges  0x0000000000000078       0x30 Output/gpiote_pca10056 Debug/Obj/main.o
 .debug_ranges  0x00000000000000a8       0x18 Output/gpiote_pca10056 Debug/Obj/app_error.o
 .debug_ranges  0x00000000000000c0       0x10 Output/gpiote_pca10056 Debug/Obj/app_error_handler_gcc.o
 .debug_ranges  0x00000000000000d0       0x10 Output/gpiote_pca10056 Debug/Obj/app_error_weak.o
 .debug_ranges  0x00000000000000e0       0x40 Output/gpiote_pca10056 Debug/Obj/app_util_platform.o
 .debug_ranges  0x0000000000000120       0x10 Output/gpiote_pca10056 Debug/Obj/nrf_assert.o
 .debug_ranges  0x0000000000000130       0x18 Output/gpiote_pca10056 Debug/Obj/nrf_drv_ppi.o
 .debug_ranges  0x0000000000000148      0x258 Output/gpiote_pca10056 Debug/Obj/nrfx_gpiote.o
 .debug_ranges  0x00000000000003a0      0x130 Output/gpiote_pca10056 Debug/Obj/nrfx_ppi.o
 .debug_ranges  0x00000000000004d0      0x150 Output/gpiote_pca10056 Debug/Obj/nrfx_timer.o
 .debug_ranges  0x0000000000000620       0x58 Output/gpiote_pca10056 Debug/Obj/system_nrf52840.o

.debug_frame    0x0000000000000000     0x191c
 .debug_frame   0x0000000000000000       0xc0 Output/gpiote_pca10056 Debug/Obj/main.o
 .debug_frame   0x00000000000000c0       0x58 Output/gpiote_pca10056 Debug/Obj/app_error.o
 .debug_frame   0x0000000000000118       0x20 Output/gpiote_pca10056 Debug/Obj/app_error_handler_gcc.o
 .debug_frame   0x0000000000000138       0x38 Output/gpiote_pca10056 Debug/Obj/app_error_weak.o
 .debug_frame   0x0000000000000170       0xe8 Output/gpiote_pca10056 Debug/Obj/app_util_platform.o
 .debug_frame   0x0000000000000258       0x38 Output/gpiote_pca10056 Debug/Obj/nrf_assert.o
 .debug_frame   0x0000000000000290       0x3c Output/gpiote_pca10056 Debug/Obj/nrf_drv_ppi.o
 .debug_frame   0x00000000000002cc      0xa80 Output/gpiote_pca10056 Debug/Obj/nrfx_gpiote.o
 .debug_frame   0x0000000000000d4c      0x544 Output/gpiote_pca10056 Debug/Obj/nrfx_ppi.o
 .debug_frame   0x0000000000001290      0x5d0 Output/gpiote_pca10056 Debug/Obj/nrfx_timer.o
 .debug_frame   0x0000000000001860       0xbc Output/gpiote_pca10056 Debug/Obj/system_nrf52840.o

.debug_pubnames
                0x0000000000000000     0x2c97
 .debug_pubnames
                0x0000000000000000      0x3f3 Output/gpiote_pca10056 Debug/Obj/main.o
 .debug_pubnames
                0x00000000000003f3       0x6c Output/gpiote_pca10056 Debug/Obj/app_error.o
 .debug_pubnames
                0x000000000000045f       0x28 Output/gpiote_pca10056 Debug/Obj/app_error_handler_gcc.o
 .debug_pubnames
                0x0000000000000487       0xe5 Output/gpiote_pca10056 Debug/Obj/app_error_weak.o
 .debug_pubnames
                0x000000000000056c      0x204 Output/gpiote_pca10056 Debug/Obj/app_util_platform.o
 .debug_pubnames
                0x0000000000000770       0x2a Output/gpiote_pca10056 Debug/Obj/nrf_assert.o
 .debug_pubnames
                0x000000000000079a       0xbc Output/gpiote_pca10056 Debug/Obj/nrf_drv_ppi.o
 .debug_pubnames
                0x0000000000000856     0x1231 Output/gpiote_pca10056 Debug/Obj/nrfx_gpiote.o
 .debug_pubnames
                0x0000000000001a87      0x872 Output/gpiote_pca10056 Debug/Obj/nrfx_ppi.o
 .debug_pubnames
                0x00000000000022f9      0x8b6 Output/gpiote_pca10056 Debug/Obj/nrfx_timer.o
 .debug_pubnames
                0x0000000000002baf       0xe8 Output/gpiote_pca10056 Debug/Obj/system_nrf52840.o

.debug_pubtypes
                0x0000000000000000     0x1957
 .debug_pubtypes
                0x0000000000000000      0x31d Output/gpiote_pca10056 Debug/Obj/main.o
 .debug_pubtypes
                0x000000000000031d      0x1e2 Output/gpiote_pca10056 Debug/Obj/app_error.o
 .debug_pubtypes
                0x00000000000004ff      0x1a8 Output/gpiote_pca10056 Debug/Obj/app_error_handler_gcc.o
 .debug_pubtypes
                0x00000000000006a7      0x210 Output/gpiote_pca10056 Debug/Obj/app_error_weak.o
 .debug_pubtypes
                0x00000000000008b7      0x1cf Output/gpiote_pca10056 Debug/Obj/app_util_platform.o
 .debug_pubtypes
                0x0000000000000a86      0x1b8 Output/gpiote_pca10056 Debug/Obj/nrf_assert.o
 .debug_pubtypes
                0x0000000000000c3e      0x1b1 Output/gpiote_pca10056 Debug/Obj/nrf_drv_ppi.o
 .debug_pubtypes
                0x0000000000000def      0x3cb Output/gpiote_pca10056 Debug/Obj/nrfx_gpiote.o
 .debug_pubtypes
                0x00000000000011ba      0x274 Output/gpiote_pca10056 Debug/Obj/nrfx_ppi.o
 .debug_pubtypes
                0x000000000000142e      0x36e Output/gpiote_pca10056 Debug/Obj/nrfx_timer.o
 .debug_pubtypes
                0x000000000000179c      0x1bb Output/gpiote_pca10056 Debug/Obj/system_nrf52840.o

.debug_macro    0x0000000000000000    0x163c3
 .debug_macro   0x0000000000000000      0x28e Output/gpiote_pca10056 Debug/Obj/main.o
 .debug_macro   0x000000000000028e      0xa90 Output/gpiote_pca10056 Debug/Obj/main.o
 .debug_macro   0x0000000000000d1e       0x22 Output/gpiote_pca10056 Debug/Obj/main.o
 .debug_macro   0x0000000000000d40      0x1a3 Output/gpiote_pca10056 Debug/Obj/main.o
 .debug_macro   0x0000000000000ee3       0x22 Output/gpiote_pca10056 Debug/Obj/main.o
 .debug_macro   0x0000000000000f05       0x2d Output/gpiote_pca10056 Debug/Obj/main.o
 .debug_macro   0x0000000000000f32       0x3b Output/gpiote_pca10056 Debug/Obj/main.o
 .debug_macro   0x0000000000000f6d       0x50 Output/gpiote_pca10056 Debug/Obj/main.o
 .debug_macro   0x0000000000000fbd      0xe66 Output/gpiote_pca10056 Debug/Obj/main.o
 .debug_macro   0x0000000000001e23      0x402 Output/gpiote_pca10056 Debug/Obj/main.o
 .debug_macro   0x0000000000002225     0xfe8b Output/gpiote_pca10056 Debug/Obj/main.o
 .debug_macro   0x00000000000120b0      0xa4c Output/gpiote_pca10056 Debug/Obj/main.o
 .debug_macro   0x0000000000012afc       0xb2 Output/gpiote_pca10056 Debug/Obj/main.o
 .debug_macro   0x0000000000012bae       0x22 Output/gpiote_pca10056 Debug/Obj/main.o
 .debug_macro   0x0000000000012bd0      0x6a0 Output/gpiote_pca10056 Debug/Obj/main.o
 .debug_macro   0x0000000000013270       0x89 Output/gpiote_pca10056 Debug/Obj/main.o
 .debug_macro   0x00000000000132f9       0x1c Output/gpiote_pca10056 Debug/Obj/main.o
 .debug_macro   0x0000000000013315      0x419 Output/gpiote_pca10056 Debug/Obj/main.o
 .debug_macro   0x000000000001372e       0x36 Output/gpiote_pca10056 Debug/Obj/main.o
 .debug_macro   0x0000000000013764      0x18b Output/gpiote_pca10056 Debug/Obj/main.o
 .debug_macro   0x00000000000138ef      0x13b Output/gpiote_pca10056 Debug/Obj/main.o
 .debug_macro   0x0000000000013a2a       0x16 Output/gpiote_pca10056 Debug/Obj/main.o
 .debug_macro   0x0000000000013a40      0x16d Output/gpiote_pca10056 Debug/Obj/main.o
 .debug_macro   0x0000000000013bad      0x4f2 Output/gpiote_pca10056 Debug/Obj/main.o
 .debug_macro   0x000000000001409f       0x3f Output/gpiote_pca10056 Debug/Obj/main.o
 .debug_macro   0x00000000000140de       0x72 Output/gpiote_pca10056 Debug/Obj/main.o
 .debug_macro   0x0000000000014150       0x8e Output/gpiote_pca10056 Debug/Obj/main.o
 .debug_macro   0x00000000000141de       0xa7 Output/gpiote_pca10056 Debug/Obj/main.o
 .debug_macro   0x0000000000014285       0x49 Output/gpiote_pca10056 Debug/Obj/main.o
 .debug_macro   0x00000000000142ce       0x8c Output/gpiote_pca10056 Debug/Obj/main.o
 .debug_macro   0x000000000001435a       0x19 Output/gpiote_pca10056 Debug/Obj/main.o
 .debug_macro   0x0000000000014373       0x16 Output/gpiote_pca10056 Debug/Obj/main.o
 .debug_macro   0x0000000000014389       0x7b Output/gpiote_pca10056 Debug/Obj/main.o
 .debug_macro   0x0000000000014404       0x64 Output/gpiote_pca10056 Debug/Obj/main.o
 .debug_macro   0x0000000000014468       0x20 Output/gpiote_pca10056 Debug/Obj/main.o
 .debug_macro   0x0000000000014488       0x1c Output/gpiote_pca10056 Debug/Obj/main.o
 .debug_macro   0x00000000000144a4       0x1f Output/gpiote_pca10056 Debug/Obj/main.o
 .debug_macro   0x00000000000144c3       0x1c Output/gpiote_pca10056 Debug/Obj/main.o
 .debug_macro   0x00000000000144df      0x208 Output/gpiote_pca10056 Debug/Obj/main.o
 .debug_macro   0x00000000000146e7      0x16d Output/gpiote_pca10056 Debug/Obj/main.o
 .debug_macro   0x0000000000014854       0x10 Output/gpiote_pca10056 Debug/Obj/main.o
 .debug_macro   0x0000000000014864       0x16 Output/gpiote_pca10056 Debug/Obj/main.o
 .debug_macro   0x000000000001487a       0x88 Output/gpiote_pca10056 Debug/Obj/main.o
 .debug_macro   0x0000000000014902       0x22 Output/gpiote_pca10056 Debug/Obj/main.o
 .debug_macro   0x0000000000014924       0x10 Output/gpiote_pca10056 Debug/Obj/main.o
 .debug_macro   0x0000000000014934       0x94 Output/gpiote_pca10056 Debug/Obj/main.o
 .debug_macro   0x00000000000149c8       0x44 Output/gpiote_pca10056 Debug/Obj/main.o
 .debug_macro   0x0000000000014a0c       0xcc Output/gpiote_pca10056 Debug/Obj/main.o
 .debug_macro   0x0000000000014ad8       0xfa Output/gpiote_pca10056 Debug/Obj/app_error.o
 .debug_macro   0x0000000000014bd2       0x35 Output/gpiote_pca10056 Debug/Obj/app_error.o
 .debug_macro   0x0000000000014c07       0x78 Output/gpiote_pca10056 Debug/Obj/app_error.o
 .debug_macro   0x0000000000014c7f      0x14d Output/gpiote_pca10056 Debug/Obj/app_error_handler_gcc.o
 .debug_macro   0x0000000000014dcc       0x10 Output/gpiote_pca10056 Debug/Obj/app_error_handler_gcc.o
 .debug_macro   0x0000000000014ddc       0x2e Output/gpiote_pca10056 Debug/Obj/app_error_handler_gcc.o
 .debug_macro   0x0000000000014e0a       0x22 Output/gpiote_pca10056 Debug/Obj/app_error_handler_gcc.o
 .debug_macro   0x0000000000014e2c       0x16 Output/gpiote_pca10056 Debug/Obj/app_error_handler_gcc.o
 .debug_macro   0x0000000000014e42       0x4e Output/gpiote_pca10056 Debug/Obj/app_error_handler_gcc.o
 .debug_macro   0x0000000000014e90      0x21b Output/gpiote_pca10056 Debug/Obj/app_error_weak.o
 .debug_macro   0x00000000000150ab       0x31 Output/gpiote_pca10056 Debug/Obj/app_error_weak.o
 .debug_macro   0x00000000000150dc       0x16 Output/gpiote_pca10056 Debug/Obj/app_error_weak.o
 .debug_macro   0x00000000000150f2       0x49 Output/gpiote_pca10056 Debug/Obj/app_error_weak.o
 .debug_macro   0x000000000001513b      0x17d Output/gpiote_pca10056 Debug/Obj/app_error_weak.o
 .debug_macro   0x00000000000152b8       0x9a Output/gpiote_pca10056 Debug/Obj/app_error_weak.o
 .debug_macro   0x0000000000015352       0x28 Output/gpiote_pca10056 Debug/Obj/app_error_weak.o
 .debug_macro   0x000000000001537a       0x22 Output/gpiote_pca10056 Debug/Obj/app_error_weak.o
 .debug_macro   0x000000000001539c       0x98 Output/gpiote_pca10056 Debug/Obj/app_error_weak.o
 .debug_macro   0x0000000000015434       0x10 Output/gpiote_pca10056 Debug/Obj/app_error_weak.o
 .debug_macro   0x0000000000015444       0x1c Output/gpiote_pca10056 Debug/Obj/app_error_weak.o
 .debug_macro   0x0000000000015460      0x110 Output/gpiote_pca10056 Debug/Obj/app_util_platform.o
 .debug_macro   0x0000000000015570      0x103 Output/gpiote_pca10056 Debug/Obj/nrf_assert.o
 .debug_macro   0x0000000000015673       0x10 Output/gpiote_pca10056 Debug/Obj/nrf_assert.o
 .debug_macro   0x0000000000015683      0x207 Output/gpiote_pca10056 Debug/Obj/nrf_drv_ppi.o
 .debug_macro   0x000000000001588a      0x2d1 Output/gpiote_pca10056 Debug/Obj/nrfx_gpiote.o
 .debug_macro   0x0000000000015b5b       0x25 Output/gpiote_pca10056 Debug/Obj/nrfx_gpiote.o
 .debug_macro   0x0000000000015b80       0x16 Output/gpiote_pca10056 Debug/Obj/nrfx_gpiote.o
 .debug_macro   0x0000000000015b96       0x1c Output/gpiote_pca10056 Debug/Obj/nrfx_gpiote.o
 .debug_macro   0x0000000000015bb2       0x54 Output/gpiote_pca10056 Debug/Obj/nrfx_gpiote.o
 .debug_macro   0x0000000000015c06       0x37 Output/gpiote_pca10056 Debug/Obj/nrfx_gpiote.o
 .debug_macro   0x0000000000015c3d       0x10 Output/gpiote_pca10056 Debug/Obj/nrfx_gpiote.o
 .debug_macro   0x0000000000015c4d      0x177 Output/gpiote_pca10056 Debug/Obj/nrfx_gpiote.o
 .debug_macro   0x0000000000015dc4       0x42 Output/gpiote_pca10056 Debug/Obj/nrfx_gpiote.o
 .debug_macro   0x0000000000015e06      0x284 Output/gpiote_pca10056 Debug/Obj/nrfx_ppi.o
 .debug_macro   0x000000000001608a      0x291 Output/gpiote_pca10056 Debug/Obj/nrfx_timer.o
 .debug_macro   0x000000000001631b       0xa8 Output/gpiote_pca10056 Debug/Obj/system_nrf52840.o
